// Vitest Snapshot v1, https://vitest.dev/guide/snapshot.html

exports[`fix-cjs-dts 1`] = `
[
  "declare const _default: {
    readonly format: \\"commonjs\\";
};

export { _default as default };
export = _default",
]
`;

exports[`fix-cjs-exports 1`] = `
{
  "format": "commonjs",
}
`;

exports[`fix-cjs-exports 2`] = `
[
  "\\"use strict\\";
var __defProp = Object.defineProperty;
var __getOwnPropDesc = Object.getOwnPropertyDescriptor;
var __getOwnPropNames = Object.getOwnPropertyNames;
var __hasOwnProp = Object.prototype.hasOwnProperty;
var __export = (target, all) => {
  for (var name in all)
    __defProp(target, name, { get: all[name], enumerable: true });
};
var __copyProps = (to, from, except, desc) => {
  if (from && typeof from === \\"object\\" || typeof from === \\"function\\") {
    for (let key of __getOwnPropNames(from))
      if (!__hasOwnProp.call(to, key) && key !== except)
        __defProp(to, key, { get: () => from[key], enumerable: !(desc = __getOwnPropDesc(from, key)) || desc.enumerable });
  }
  return to;
};
var __toCommonJS = (mod) => __copyProps(__defProp({}, \\"__esModule\\", { value: true }), mod);

// test/__fixtures__/mod.ts
var mod_exports = {};
__export(mod_exports, {
  default: () => mod_default
});
module.exports = __toCommonJS(mod_exports);
var mod_default = {
  format: \\"commonjs\\"
};

// fix-cjs-exports
if (module.exports.default) {
  Object.assign(module.exports.default, module.exports);
  module.exports = module.exports.default;
  delete module.exports.default;
}
",
]
`;
